14:12:31 **** Incremental Build of configuration Debug for project ProvaPWM_CM4 ****
make -j8 all 
arm-none-eabi-size   ProvaPWM_CM4.elf 
   text	   data	    bss	    dec	    hex	filename
   8556	     24	   1720	  10300	   283c	ProvaPWM_CM4.elf
Finished building: default.size.stdout
 
14:13:28 **** Incremental Build of configuration Debug for project ProvaPWM_CM4 ****
make -j8 all 
arm-none-eabi-size   ProvaPWM_CM4.elf 
   text	   data	    bss	    dec	    hex	filename
   8556	     24	   1720	  10300	   283c	ProvaPWM_CM4.elf
Finished building: default.size.stdout
 
14:18:51 **** Incremental Build of configuration Debug for project ProvaPWM_CM4 ****
make -j8 all 
arm-none-eabi-size   ProvaPWM_CM4.elf 
   text	   data	    bss	    dec	    hex	filename
   8556	     24	   1720	  10300	   283c	ProvaPWM_CM4.elf
Finished building: default.size.stdout
 
11:30:05 **** Build of configuration Debug for project ProvaPWM_CM4 ****
make -j8 all 
arm-none-eabi-gcc "../Core/Src/main.c" -mcpu=cortex-m4 -std=gnu11 -g3 -DDEBUG -DCORE_CM4 -DUSE_HAL_DRIVER -DSTM32H745xx -c -I../Core/Inc -I../../Drivers/STM32H7xx_HAL_Driver/Inc -I../../Drivers/STM32H7xx_HAL_Driver/Inc/Legacy -I../../Drivers/CMSIS/Device/ST/STM32H7xx/Include -I../../Drivers/CMSIS/Include -O0 -ffunction-sections -fdata-sections -Wall -fstack-usage -MMD -MP -MF"Core/Src/main.d" -MT"Core/Src/main.o" --specs=nano.specs -mfpu=fpv4-sp-d16 -mfloat-abi=hard -mthumb -o "Core/Src/main.o"
arm-none-eabi-gcc -o "ProvaPWM_CM4.elf" @"objects.list"   -mcpu=cortex-m4 -T"/home/mike/STM32CubeIDE/Lab/ProvaPWM/CM4/STM32H745ZITX_FLASH.ld" --specs=nosys.specs -Wl,-Map="ProvaPWM_CM4.map" -Wl,--gc-sections -static --specs=nano.specs -mfpu=fpv4-sp-d16 -mfloat-abi=hard -mthumb -Wl,--start-group -lc -lm -Wl,--end-group
Finished building target: ProvaPWM_CM4.elf
 
arm-none-eabi-size   ProvaPWM_CM4.elf 
arm-none-eabi-objdump -h -S  ProvaPWM_CM4.elf  > "ProvaPWM_CM4.list"
   text	   data	    bss	    dec	    hex	filename
   8556	     24	   1720	  10300	   283c	ProvaPWM_CM4.elf
Finished building: default.size.stdout
 
Finished building: ProvaPWM_CM4.list
 
11:42:51 **** Incremental Build of configuration Debug for project ProvaPWM_CM4 ****
make -j8 all 
arm-none-eabi-size   ProvaPWM_CM4.elf 
   text	   data	    bss	    dec	    hex	filename
   8556	     24	   1720	  10300	   283c	ProvaPWM_CM4.elf
Finished building: default.size.stdout
 
